***************************************************************************
*                                                                         *
*    _____ ____         ____    _       ____                _        _    *
*   |___ /|  _ \       / ___|  / \     / ___|_ __ _   _ ___| |_ __ _| |   *
*     |_ \| | | |_____| |     / _ \   | |   | '__| | | / __| __/ _` | |   *
*    ___) | |_| |_____| |___ / ___ \  | |___| |  | |_| \__ \ || (_| | |   *
*   |____/|____/       \____/_/   \_\  \____|_|   \__, |___/\__\__,_|_|   *
*                                                 |___/                   *
*                        version 1.0.0, 2025                              *
*           A.V. Redkov, V. Ivanov, A. Pimpinelli, V. Tonchev             *
*                report the bugs to : avredkov@gmail.com                  *
***************************************************************************
[2025-10-06 17:08:46] System Configuration
*                                                                         *
* System Configuration                                                    *
* {                                                                       *
*   "timestamp": "2025-10-06T17:08:46.099984Z",                           *
*   "os": "Windows-10-10.0.17763-SP0",                                    *
*   "python_version": "3.11.13 | packaged by Anaconda, Inc. | (main, Jun  *
* 5 2025, 13:03:15) [MSC v.1929 64 bit (AMD64)]",                         *
*   "cpu": "AMD64 Family 25 Model 97 Stepping 2, AuthenticAMD",           *
*   "physical_cores": 16,                                                 *
*   "logical_cores": 32,                                                  *
*   "memory_total_bytes": 67845935104,                                    *
*   "gpu": "NVIDIA GeForce RTX 3090"                                      *
* }                                                                       *
*                                                                         *
[2025-10-06 17:08:46] Recipe parameters saved to used_params.json
[2025-10-06 17:08:46] Simulation Parameters
*                                                                         *
* Simulation Parameters                                                   *
* {                                                                       *
*   "parameters": {                                                       *
*     "lattice_size_x": 128,                                              *
*     "lattice_size_y": 128,                                              *
*     "lattice_size_z": 128,                                              *
*     "num_iterations": 50000,                                            *
*     "data_snapshot_interval_steps": 100,                                *
*     "xyz_snapshot_interval_steps": 100,                                 *
*     "xyz_save_last_only": false,                                        *
*     "snapshot_schedule_mode": "linear",                                 *
*     "log_snapshot_count": 100,                                          *
*     "initial_occupancy_fraction": 0.1,                                  *
*     "output_dir": "./output/unstable_crystal",                          *
*     "enable_early_termination": false,                                  *
*     "early_termination_window": 5,                                      *
*     "early_termination_tolerance": 0.03,                                *
*     "cuda_device_index": 0,                                             *
*     "rng_seed": 2,                                                      *
*     "enable_event_statistics": true,                                    *
*     "enable_surface_state_statistics": true,                            *
*     "enable_coordination_statistics": true,                             *
*     "enable_age_calculation": true,                                     *
*     "walls": {                                                          *
*       "wall_x_min": true,                                               *
*       "wall_x_max": true,                                               *
*       "wall_y_min": true,                                               *
*       "wall_y_max": true,                                               *
*       "wall_z_min": true,                                               *
*       "wall_z_max": true                                                *
*     }                                                                   *
*   },                                                                    *
*   "ruleset": "Default",                                                 *
*   "recipe_values": {                                                    *
*     "Pk": 1.0,                                                          *
*     "Ps": 1.0,                                                          *
*     "Pn": 0.005,                                                        *
*     "Pke": 0.0,                                                         *
*     "Pse": 0.0,                                                         *
*     "Pne": 0.0                                                          *
*   },                                                                    *
*   "init": {                                                             *
*     "mode": "single",                                                   *
*     "seed_edge_length": 4                                               *
*   }                                                                     *
* }                                                                       *
*                                                                         *
[2025-10-06 17:08:46] Ruleset 'Default' loaded with parameters {'Pk': 1.0, 'Ps': 1.0, 'Pn': 0.005, 'Pke': 0.0, 'Pse': 0.0, 'Pne': 0.0}
[2025-10-06 17:08:46] rules_used.json written
[2025-10-06 17:08:48] Initial atoms array prepared
[2025-10-06 17:08:48] CA experiment started
[2025-10-06 17:08:48] Snapshot 0 saved
[2025-10-06 17:08:52] Snapshot 100 saved
[2025-10-06 17:08:53] Snapshot 200 saved
[2025-10-06 17:08:54] Snapshot 300 saved
[2025-10-06 17:08:55] Snapshot 400 saved
[2025-10-06 17:08:57] Snapshot 500 saved
[2025-10-06 17:08:58] Snapshot 600 saved
[2025-10-06 17:08:59] Snapshot 700 saved
[2025-10-06 17:09:01] Snapshot 800 saved
[2025-10-06 17:09:02] Snapshot 900 saved
[2025-10-06 17:09:03] Snapshot 1000 saved
[2025-10-06 17:09:05] Snapshot 1100 saved
[2025-10-06 17:09:06] Snapshot 1200 saved
[2025-10-06 17:09:07] Snapshot 1300 saved
[2025-10-06 17:09:09] Snapshot 1400 saved
[2025-10-06 17:09:10] Snapshot 1500 saved
[2025-10-06 17:09:11] Snapshot 1600 saved
[2025-10-06 17:09:13] Snapshot 1700 saved
[2025-10-06 17:09:14] Snapshot 1800 saved
[2025-10-06 17:09:15] Snapshot 1900 saved
[2025-10-06 17:09:17] Snapshot 2000 saved
[2025-10-06 17:09:18] Snapshot 2100 saved
[2025-10-06 17:09:19] Snapshot 2200 saved
[2025-10-06 17:09:21] Snapshot 2300 saved
[2025-10-06 17:09:22] Snapshot 2400 saved
[2025-10-06 17:09:23] Snapshot 2500 saved
[2025-10-06 17:09:25] Snapshot 2600 saved
[2025-10-06 17:09:26] Snapshot 2700 saved
[2025-10-06 17:09:28] Snapshot 2800 saved
[2025-10-06 17:09:29] Snapshot 2900 saved
[2025-10-06 17:09:30] Snapshot 3000 saved
[2025-10-06 17:09:32] Snapshot 3100 saved
[2025-10-06 17:09:33] Snapshot 3200 saved
[2025-10-06 17:09:34] Snapshot 3300 saved
[2025-10-06 17:09:36] Snapshot 3400 saved
[2025-10-06 17:09:37] Snapshot 3500 saved
[2025-10-06 17:09:39] Snapshot 3600 saved
[2025-10-06 17:09:40] Snapshot 3700 saved
[2025-10-06 17:09:41] Snapshot 3800 saved
[2025-10-06 17:09:43] Snapshot 3900 saved
[2025-10-06 17:09:44] Snapshot 4000 saved
[2025-10-06 17:09:46] Snapshot 4100 saved
[2025-10-06 17:09:47] Snapshot 4200 saved
[2025-10-06 17:09:48] Snapshot 4300 saved
[2025-10-06 17:09:50] Snapshot 4400 saved
[2025-10-06 17:09:51] Snapshot 4500 saved
[2025-10-06 17:09:53] Snapshot 4600 saved
[2025-10-06 17:09:54] Snapshot 4700 saved
[2025-10-06 17:09:56] Snapshot 4800 saved
[2025-10-06 17:09:58] Snapshot 4900 saved
[2025-10-06 17:09:59] Snapshot 5000 saved
[2025-10-06 17:10:01] Snapshot 5100 saved
[2025-10-06 17:10:02] Snapshot 5200 saved
[2025-10-06 17:10:04] Snapshot 5300 saved
[2025-10-06 17:10:06] Snapshot 5400 saved
[2025-10-06 17:10:07] Snapshot 5500 saved
[2025-10-06 17:10:09] Snapshot 5600 saved
[2025-10-06 17:10:11] Snapshot 5700 saved
[2025-10-06 17:10:12] Snapshot 5800 saved
[2025-10-06 17:10:14] Snapshot 5900 saved
[2025-10-06 17:10:15] Snapshot 6000 saved
[2025-10-06 17:10:17] Snapshot 6100 saved
[2025-10-06 17:10:18] Snapshot 6200 saved
[2025-10-06 17:10:19] Snapshot 6300 saved
[2025-10-06 17:10:21] Snapshot 6400 saved
[2025-10-06 17:10:23] Snapshot 6500 saved
[2025-10-06 17:10:24] Snapshot 6600 saved
[2025-10-06 17:10:26] Snapshot 6700 saved
[2025-10-06 17:10:28] Snapshot 6800 saved
[2025-10-06 17:10:30] Snapshot 6900 saved
[2025-10-06 17:10:31] Snapshot 7000 saved
[2025-10-06 17:10:33] Snapshot 7100 saved
[2025-10-06 17:10:34] Snapshot 7200 saved
[2025-10-06 17:10:36] Snapshot 7300 saved
[2025-10-06 17:10:37] Snapshot 7400 saved
[2025-10-06 17:10:39] Snapshot 7500 saved
[2025-10-06 17:10:41] Snapshot 7600 saved
[2025-10-06 17:10:42] Snapshot 7700 saved
[2025-10-06 17:10:44] Snapshot 7800 saved
[2025-10-06 17:10:45] Snapshot 7900 saved
[2025-10-06 17:10:47] Snapshot 8000 saved
[2025-10-06 17:10:48] Snapshot 8100 saved
[2025-10-06 17:10:50] Snapshot 8200 saved
[2025-10-06 17:10:51] Snapshot 8300 saved
[2025-10-06 17:10:53] Snapshot 8400 saved
[2025-10-06 17:10:54] Snapshot 8500 saved
[2025-10-06 17:10:56] Snapshot 8600 saved
[2025-10-06 17:10:57] Snapshot 8700 saved
[2025-10-06 17:10:58] Snapshot 8800 saved
[2025-10-06 17:11:00] Snapshot 8900 saved
[2025-10-06 17:11:01] Snapshot 9000 saved
[2025-10-06 17:11:03] Snapshot 9100 saved
[2025-10-06 17:11:04] Snapshot 9200 saved
[2025-10-06 17:11:06] Snapshot 9300 saved
[2025-10-06 17:11:07] Snapshot 9400 saved
[2025-10-06 17:11:09] Snapshot 9500 saved
[2025-10-06 17:11:11] Snapshot 9600 saved
[2025-10-06 17:11:13] Snapshot 9700 saved
[2025-10-06 17:11:15] Snapshot 9800 saved
[2025-10-06 17:11:16] Snapshot 9900 saved
[2025-10-06 17:11:18] Snapshot 10000 saved
[2025-10-06 17:11:19] Snapshot 10100 saved
[2025-10-06 17:11:21] Snapshot 10200 saved
[2025-10-06 17:11:22] Snapshot 10300 saved
[2025-10-06 17:11:24] Snapshot 10400 saved
[2025-10-06 17:11:25] Snapshot 10500 saved
[2025-10-06 17:11:27] Snapshot 10600 saved
[2025-10-06 17:11:28] Snapshot 10700 saved
[2025-10-06 17:11:30] Snapshot 10800 saved
[2025-10-06 17:11:31] Snapshot 10900 saved
[2025-10-06 17:11:33] Snapshot 11000 saved
[2025-10-06 17:11:34] Snapshot 11100 saved
[2025-10-06 17:11:36] Snapshot 11200 saved
[2025-10-06 17:11:38] Snapshot 11300 saved
[2025-10-06 17:11:39] Snapshot 11400 saved
[2025-10-06 17:11:41] Snapshot 11500 saved
[2025-10-06 17:11:43] Snapshot 11600 saved
[2025-10-06 17:11:45] Snapshot 11700 saved
[2025-10-06 17:11:46] Snapshot 11800 saved
[2025-10-06 17:11:48] Snapshot 11900 saved
[2025-10-06 17:11:50] Snapshot 12000 saved
[2025-10-06 17:11:52] Snapshot 12100 saved
[2025-10-06 17:11:53] Snapshot 12200 saved
[2025-10-06 17:11:55] Snapshot 12300 saved
[2025-10-06 17:11:57] Snapshot 12400 saved
[2025-10-06 17:11:59] Snapshot 12500 saved
[2025-10-06 17:12:01] Snapshot 12600 saved
[2025-10-06 17:12:02] Snapshot 12700 saved
[2025-10-06 17:12:04] Snapshot 12800 saved
[2025-10-06 17:12:06] Snapshot 12900 saved
[2025-10-06 17:12:08] Snapshot 13000 saved
[2025-10-06 17:12:09] Snapshot 13100 saved
[2025-10-06 17:12:12] Snapshot 13200 saved
[2025-10-06 17:12:14] Snapshot 13300 saved
[2025-10-06 17:12:15] Snapshot 13400 saved
[2025-10-06 17:12:17] Snapshot 13500 saved
[2025-10-06 17:12:19] Snapshot 13600 saved
[2025-10-06 17:12:21] Snapshot 13700 saved
[2025-10-06 17:12:23] Snapshot 13800 saved
[2025-10-06 17:12:24] Snapshot 13900 saved
[2025-10-06 17:12:26] Snapshot 14000 saved
[2025-10-06 17:12:27] Snapshot 14100 saved
[2025-10-06 17:12:29] Snapshot 14200 saved
[2025-10-06 17:12:30] Snapshot 14300 saved
[2025-10-06 17:12:32] Snapshot 14400 saved
[2025-10-06 17:12:33] Snapshot 14500 saved
[2025-10-06 17:12:34] Snapshot 14600 saved
[2025-10-06 17:12:36] Snapshot 14700 saved
[2025-10-06 17:12:37] Snapshot 14800 saved
[2025-10-06 17:12:39] Snapshot 14900 saved
[2025-10-06 17:12:40] Snapshot 15000 saved
[2025-10-06 17:12:42] Snapshot 15100 saved
[2025-10-06 17:12:43] Snapshot 15200 saved
[2025-10-06 17:12:45] Snapshot 15300 saved
[2025-10-06 17:12:46] Snapshot 15400 saved
[2025-10-06 17:12:48] Snapshot 15500 saved
[2025-10-06 17:12:49] Snapshot 15600 saved
[2025-10-06 17:12:50] Snapshot 15700 saved
[2025-10-06 17:12:52] Snapshot 15800 saved
[2025-10-06 17:12:53] Snapshot 15900 saved
[2025-10-06 17:12:55] Snapshot 16000 saved
[2025-10-06 17:12:56] Snapshot 16100 saved
[2025-10-06 17:12:58] Snapshot 16200 saved
[2025-10-06 17:12:59] Snapshot 16300 saved
[2025-10-06 17:13:01] Snapshot 16400 saved
[2025-10-06 17:13:02] Snapshot 16500 saved
[2025-10-06 17:13:04] Snapshot 16600 saved
[2025-10-06 17:13:05] Snapshot 16700 saved
[2025-10-06 17:13:06] Snapshot 16800 saved
[2025-10-06 17:13:08] Snapshot 16900 saved
[2025-10-06 17:13:09] Snapshot 17000 saved
[2025-10-06 17:13:11] Snapshot 17100 saved
[2025-10-06 17:13:12] Snapshot 17200 saved
[2025-10-06 17:13:14] Snapshot 17300 saved
[2025-10-06 17:13:15] Snapshot 17400 saved
[2025-10-06 17:13:17] Snapshot 17500 saved
[2025-10-06 17:13:18] Snapshot 17600 saved
[2025-10-06 17:13:20] Snapshot 17700 saved
[2025-10-06 17:13:21] Snapshot 17800 saved
[2025-10-06 17:13:22] Snapshot 17900 saved
[2025-10-06 17:13:24] Snapshot 18000 saved
[2025-10-06 17:13:25] Snapshot 18100 saved
[2025-10-06 17:13:27] Snapshot 18200 saved
[2025-10-06 17:13:28] Snapshot 18300 saved
[2025-10-06 17:13:30] Snapshot 18400 saved
[2025-10-06 17:13:31] Snapshot 18500 saved
[2025-10-06 17:13:33] Snapshot 18600 saved
[2025-10-06 17:13:34] Snapshot 18700 saved
[2025-10-06 17:13:35] Snapshot 18800 saved
[2025-10-06 17:13:37] Snapshot 18900 saved
[2025-10-06 17:13:38] Snapshot 19000 saved
[2025-10-06 17:13:40] Snapshot 19100 saved
[2025-10-06 17:13:41] Snapshot 19200 saved
[2025-10-06 17:13:43] Snapshot 19300 saved
[2025-10-06 17:13:44] Snapshot 19400 saved
[2025-10-06 17:13:46] Snapshot 19500 saved
[2025-10-06 17:13:47] Snapshot 19600 saved
[2025-10-06 17:13:49] Snapshot 19700 saved
[2025-10-06 17:13:50] Snapshot 19800 saved
[2025-10-06 17:13:51] Snapshot 19900 saved
[2025-10-06 17:13:53] Snapshot 20000 saved
[2025-10-06 17:13:54] Snapshot 20100 saved
[2025-10-06 17:13:56] Snapshot 20200 saved
[2025-10-06 17:13:57] Snapshot 20300 saved
[2025-10-06 17:13:59] Snapshot 20400 saved
[2025-10-06 17:14:00] Snapshot 20500 saved
[2025-10-06 17:14:02] Snapshot 20600 saved
[2025-10-06 17:14:03] Snapshot 20700 saved
[2025-10-06 17:14:05] Snapshot 20800 saved
[2025-10-06 17:14:06] Snapshot 20900 saved
[2025-10-06 17:14:08] Snapshot 21000 saved
[2025-10-06 17:14:09] Snapshot 21100 saved
[2025-10-06 17:14:11] Snapshot 21200 saved
[2025-10-06 17:14:12] Snapshot 21300 saved
[2025-10-06 17:14:14] Snapshot 21400 saved
[2025-10-06 17:14:15] Snapshot 21500 saved
[2025-10-06 17:14:17] Snapshot 21600 saved
[2025-10-06 17:14:18] Snapshot 21700 saved
[2025-10-06 17:14:20] Snapshot 21800 saved
[2025-10-06 17:14:22] Snapshot 21900 saved
[2025-10-06 17:14:24] Snapshot 22000 saved
[2025-10-06 17:14:26] Snapshot 22100 saved
[2025-10-06 17:14:28] Snapshot 22200 saved
[2025-10-06 17:14:30] Snapshot 22300 saved
[2025-10-06 17:14:32] Snapshot 22400 saved
[2025-10-06 17:14:33] Snapshot 22500 saved
[2025-10-06 17:14:35] Snapshot 22600 saved
[2025-10-06 17:14:36] Snapshot 22700 saved
[2025-10-06 17:14:38] Snapshot 22800 saved
[2025-10-06 17:14:39] Snapshot 22900 saved
[2025-10-06 17:14:42] Snapshot 23000 saved
